// Jest Snapshot v1, https://goo.gl/fbAQLP

exports[`<IconButton icon="search" /> Renders Correctly 1`] = `
<DocumentFragment>
  <button
    class="c-sFyLx c-sFyLx-fDXBFo-size-sm c-sFyLx-ihtltCK-css"
    data-testid="icon-button"
  >
    <i
      class="Icon__container icon-search "
    />
  </button>
</DocumentFragment>
`;
