// Jest Snapshot v1, https://goo.gl/fbAQLP

exports[`<InputWrapper /> - Renders Correctly 1`] = `
<DocumentFragment>
  <div
    class="InputWrapper InputWrapper_topLabeled InputWrapper_small"
  >
    <div
      class="InputWrapper_topLabelCnt"
    >
      <span
        class="Text Text__size_10 Text__weight_400 Text__color_primary_70"
      >
        test label:
      </span>
      <div
        class=""
        title="Helper text for tooltip"
      >
        <i
          class="Icon__container icon-circle-question "
        />
      </div>
    </div>
    <div
      class="InputWrapper_textFieldCnt InputWrapper_textFieldCnt_small"
    >
      <div
        class="MuiFormControl-root MuiTextField-root"
      >
        <label
          class="MuiFormLabel-root MuiInputLabel-root MuiInputLabel-formControl MuiInputLabel-animated MuiInputLabel-shrink MuiInputLabel-outlined MuiFormLabel-filled"
          data-shrink="true"
        >
          test label
        </label>
        <div
          class="MuiInputBase-root MuiOutlinedInput-root MuiInputBase-formControl"
        >
          <input
            aria-invalid="false"
            class="MuiInputBase-input MuiOutlinedInput-input"
            data-testid="inputWrapper"
            type="number"
            value="5"
          />
          <fieldset
            aria-hidden="true"
            class="PrivateNotchedOutline-root-1 MuiOutlinedInput-notchedOutline"
          >
            <legend
              class="PrivateNotchedOutline-legendLabelled-3 PrivateNotchedOutline-legendNotched-4"
            >
              <span>
                test label
              </span>
            </legend>
          </fieldset>
        </div>
      </div>
    </div>
  </div>
</DocumentFragment>
`;
